E:\Github\Mobile\Tech-Challenge\Agar.io\server\windows\AgarServer.vcxproj(52,3): warning MSB4011: "E:\Github\Mobile\Tech-Challenge\Agar.io\vcpkg\scripts\buildsystems\msbuild\vcpkg.props" cannot be imported again. It was already imported at "C:\Users\arthu\AppData\Local\vcpkg\vcpkg.user.props (3,3)". This is most likely a build authoring error. This subsequent import will be ignored. 
E:\Github\Mobile\Tech-Challenge\Agar.io\server\windows\AgarServer.vcxproj(222,3): warning MSB4011: "E:\Github\Mobile\Tech-Challenge\Agar.io\vcpkg\scripts\buildsystems\msbuild\vcpkg.targets" cannot be imported again. It was already imported at "C:\Users\arthu\AppData\Local\vcpkg\vcpkg.user.targets (3,3)". This is most likely a build authoring error. This subsequent import will be ignored. 
  Generating protobuf sources...
  The vcpkg manifest was disabled, but we found a manifest file in E:\Github\Mobile\Tech-Challenge\Agar.io\server\windows\. You may want to enable vcpkg manifests in your properties page or pass /p:VcpkgEnableManifest=true to the msbuild invocation.
  main.cpp
  SpatialGrid.cpp
  Systems.cpp
  GameLoop.cpp
  Database.cpp
  RedisClient.cpp
  PacketSerializer.cpp
  TcpServer.cpp
  UdpServer.cpp
  Player.cpp
e:\github\mobile\tech-challenge\agar.io\server\windows\vcpkg_installed\x64-windows\include\hiredis\sds.h(55): warning C4200: nonstandard extension used: zero-sized array in struct/union (compiling source file ..\src\RedisClient.cpp)
  e:\github\mobile\tech-challenge\agar.io\server\windows\vcpkg_installed\x64-windows\include\hiredis\sds.h(55): note: This member will be ignored by a defaulted constructor or copy/move assignment operator (compiling source file ..\src\RedisClient.cpp)
e:\github\mobile\tech-challenge\agar.io\server\windows\vcpkg_installed\x64-windows\include\hiredis\sds.h(61): warning C4200: nonstandard extension used: zero-sized array in struct/union (compiling source file ..\src\RedisClient.cpp)
  e:\github\mobile\tech-challenge\agar.io\server\windows\vcpkg_installed\x64-windows\include\hiredis\sds.h(61): note: This member will be ignored by a defaulted constructor or copy/move assignment operator (compiling source file ..\src\RedisClient.cpp)
e:\github\mobile\tech-challenge\agar.io\server\windows\vcpkg_installed\x64-windows\include\hiredis\sds.h(67): warning C4200: nonstandard extension used: zero-sized array in struct/union (compiling source file ..\src\RedisClient.cpp)
  e:\github\mobile\tech-challenge\agar.io\server\windows\vcpkg_installed\x64-windows\include\hiredis\sds.h(67): note: This member will be ignored by a defaulted constructor or copy/move assignment operator (compiling source file ..\src\RedisClient.cpp)
e:\github\mobile\tech-challenge\agar.io\server\windows\vcpkg_installed\x64-windows\include\hiredis\sds.h(73): warning C4200: nonstandard extension used: zero-sized array in struct/union (compiling source file ..\src\RedisClient.cpp)
  e:\github\mobile\tech-challenge\agar.io\server\windows\vcpkg_installed\x64-windows\include\hiredis\sds.h(73): note: This member will be ignored by a defaulted constructor or copy/move assignment operator (compiling source file ..\src\RedisClient.cpp)
e:\github\mobile\tech-challenge\agar.io\server\windows\vcpkg_installed\x64-windows\include\hiredis\sds.h(79): warning C4200: nonstandard extension used: zero-sized array in struct/union (compiling source file ..\src\RedisClient.cpp)
  e:\github\mobile\tech-challenge\agar.io\server\windows\vcpkg_installed\x64-windows\include\hiredis\sds.h(79): note: This member will be ignored by a defaulted constructor or copy/move assignment operator (compiling source file ..\src\RedisClient.cpp)
e:\github\mobile\tech-challenge\agar.io\server\vendor\entt\single_include\entt\entt.hpp(24806): error C4996: 'std::allocator<void>': warning STL4009: std::allocator<void> is deprecated in C++17. You can define _SILENCE_CXX17_ALLOCATOR_VOID_DEPRECATION_WARNING or _SILENCE_ALL_CXX17_DEPRECATION_WARNINGS to acknowledge that you have received this warning. (compiling source file ..\src\Systems.cpp)
e:\github\mobile\tech-challenge\agar.io\server\vendor\entt\single_include\entt\entt.hpp(24806): error C4996: 'std::allocator<void>': warning STL4009: std::allocator<void> is deprecated in C++17. You can define _SILENCE_CXX17_ALLOCATOR_VOID_DEPRECATION_WARNING or _SILENCE_ALL_CXX17_DEPRECATION_WARNINGS to acknowledge that you have received this warning. (compiling source file ..\src\main.cpp)
  c:\program files (x86)\microsoft visual studio\2017\enterprise\vc\tools\msvc\14.16.27023\include\xmemory0(1029): note: see declaration of 'std::allocator<void>' (compiling source file ..\src\Systems.cpp)e:\github\mobile\tech-challenge\agar.io\server\vendor\entt\single_include\entt\entt.hpp(24806): error C4996: 'std::allocator<void>': warning STL4009: std::allocator<void> is deprecated in C++17. You can define _SILENCE_CXX17_ALLOCATOR_VOID_DEPRECATION_WARNING or _SILENCE_ALL_CXX17_DEPRECATION_WARNINGS to acknowledge that you have received this warning. (compiling source file ..\src\PacketSerializer.cpp)
  
  c:\program files (x86)\microsoft visual studio\2017\enterprise\vc\tools\msvc\14.16.27023\include\xmemory0(1029): note: see declaration of 'std::allocator<void>' (compiling source file ..\src\main.cpp)
  c:\program files (x86)\microsoft visual studio\2017\enterprise\vc\tools\msvc\14.16.27023\include\xmemory0(1029): note: see declaration of 'std::allocator<void>' (compiling source file ..\src\PacketSerializer.cpp)
e:\github\mobile\tech-challenge\agar.io\server\vendor\entt\single_include\entt\entt.hpp(24806): error C4996: 'std::allocator<void>': warning STL4009: std::allocator<void> is deprecated in C++17. You can define _SILENCE_CXX17_ALLOCATOR_VOID_DEPRECATION_WARNING or _SILENCE_ALL_CXX17_DEPRECATION_WARNINGS to acknowledge that you have received this warning. (compiling source file ..\src\GameLoop.cpp)
  c:\program files (x86)\microsoft visual studio\2017\enterprise\vc\tools\msvc\14.16.27023\include\xmemory0(1029): note: see declaration of 'std::allocator<void>' (compiling source file ..\src\GameLoop.cpp)
e:\github\mobile\tech-challenge\agar.io\server\vendor\entt\single_include\entt\entt.hpp(24806): error C4996: 'std::allocator<void>': warning STL4009: std::allocator<void> is deprecated in C++17. You can define _SILENCE_CXX17_ALLOCATOR_VOID_DEPRECATION_WARNING or _SILENCE_ALL_CXX17_DEPRECATION_WARNINGS to acknowledge that you have received this warning. (compiling source file ..\src\UdpServer.cpp)
  c:\program files (x86)\microsoft visual studio\2017\enterprise\vc\tools\msvc\14.16.27023\include\xmemory0(1029): note: see declaration of 'std::allocator<void>' (compiling source file ..\src\UdpServer.cpp)
e:\github\mobile\tech-challenge\agar.io\server\vendor\entt\single_include\entt\entt.hpp(65231): error C2988: unrecognizable template declaration/definition (compiling source file ..\src\UdpServer.cpp)
e:\github\mobile\tech-challenge\agar.io\server\vendor\entt\single_include\entt\entt.hpp(65231): error C2059: syntax error: 'user-defined conversion' (compiling source file ..\src\UdpServer.cpp)
e:\github\mobile\tech-challenge\agar.io\server\vendor\entt\single_include\entt\entt.hpp(65231): error C2334: unexpected token(s) preceding '{'; skipping apparent function body (compiling source file ..\src\UdpServer.cpp)
e:\github\mobile\tech-challenge\agar.io\server\vendor\entt\single_include\entt\entt.hpp(65231): error C2988: unrecognizable template declaration/definition (compiling source file ..\src\main.cpp)
e:\github\mobile\tech-challenge\agar.io\server\vendor\entt\single_include\entt\entt.hpp(65231): error C2059: syntax error: 'user-defined conversion' (compiling source file ..\src\main.cpp)
e:\github\mobile\tech-challenge\agar.io\server\vendor\entt\single_include\entt\entt.hpp(65231): error C2334: unexpected token(s) preceding '{'; skipping apparent function body (compiling source file ..\src\main.cpp)
e:\github\mobile\tech-challenge\agar.io\server\vendor\entt\single_include\entt\entt.hpp(65240): error C2988: unrecognizable template declaration/definition (compiling source file ..\src\UdpServer.cpp)
e:\github\mobile\tech-challenge\agar.io\server\vendor\entt\single_include\entt\entt.hpp(65240): error C2988: unrecognizable template declaration/definition (compiling source file ..\src\main.cpp)
e:\github\mobile\tech-challenge\agar.io\server\vendor\entt\single_include\entt\entt.hpp(65240): error C2059: syntax error: 'user-defined conversion' (compiling source file ..\src\UdpServer.cpp)
e:\github\mobile\tech-challenge\agar.io\server\vendor\entt\single_include\entt\entt.hpp(65240): error C2059: syntax error: 'user-defined conversion' (compiling source file ..\src\main.cpp)
e:\github\mobile\tech-challenge\agar.io\server\vendor\entt\single_include\entt\entt.hpp(65240): error C2334: unexpected token(s) preceding '{'; skipping apparent function body (compiling source file ..\src\UdpServer.cpp)
e:\github\mobile\tech-challenge\agar.io\server\vendor\entt\single_include\entt\entt.hpp(65240): error C2334: unexpected token(s) preceding '{'; skipping apparent function body (compiling source file ..\src\main.cpp)
e:\github\mobile\tech-challenge\agar.io\server\vendor\entt\single_include\entt\entt.hpp(65246): fatal error C1903: unable to recover from previous error(s); stopping compilation (compiling source file ..\src\UdpServer.cpp)
e:\github\mobile\tech-challenge\agar.io\server\vendor\entt\single_include\entt\entt.hpp(65246): fatal error C1903: unable to recover from previous error(s); stopping compilation (compiling source file ..\src\main.cpp)
e:\github\mobile\tech-challenge\agar.io\server\vendor\entt\single_include\entt\entt.hpp(65231): error C2988: unrecognizable template declaration/definition (compiling source file ..\src\GameLoop.cpp)
e:\github\mobile\tech-challenge\agar.io\server\vendor\entt\single_include\entt\entt.hpp(65231): error C2059: syntax error: 'user-defined conversion' (compiling source file ..\src\GameLoop.cpp)
e:\github\mobile\tech-challenge\agar.io\server\vendor\entt\single_include\entt\entt.hpp(65231): error C2334: unexpected token(s) preceding '{'; skipping apparent function body (compiling source file ..\src\GameLoop.cpp)
e:\github\mobile\tech-challenge\agar.io\server\vendor\entt\single_include\entt\entt.hpp(65240): error C2988: unrecognizable template declaration/definition (compiling source file ..\src\GameLoop.cpp)
e:\github\mobile\tech-challenge\agar.io\server\vendor\entt\single_include\entt\entt.hpp(65240): error C2059: syntax error: 'user-defined conversion' (compiling source file ..\src\GameLoop.cpp)
e:\github\mobile\tech-challenge\agar.io\server\vendor\entt\single_include\entt\entt.hpp(65231): error C2988: unrecognizable template declaration/definition (compiling source file ..\src\Systems.cpp)
e:\github\mobile\tech-challenge\agar.io\server\vendor\entt\single_include\entt\entt.hpp(65240): error C2334: unexpected token(s) preceding '{'; skipping apparent function body (compiling source file ..\src\GameLoop.cpp)
e:\github\mobile\tech-challenge\agar.io\server\vendor\entt\single_include\entt\entt.hpp(65231): error C2059: syntax error: 'user-defined conversion' (compiling source file ..\src\Systems.cpp)
e:\github\mobile\tech-challenge\agar.io\server\vendor\entt\single_include\entt\entt.hpp(65246): fatal error C1903: unable to recover from previous error(s); stopping compilation (compiling source file ..\src\GameLoop.cpp)
e:\github\mobile\tech-challenge\agar.io\server\vendor\entt\single_include\entt\entt.hpp(65231): error C2334: unexpected token(s) preceding '{'; skipping apparent function body (compiling source file ..\src\Systems.cpp)
e:\github\mobile\tech-challenge\agar.io\server\vendor\entt\single_include\entt\entt.hpp(65240): error C2988: unrecognizable template declaration/definition (compiling source file ..\src\Systems.cpp)
e:\github\mobile\tech-challenge\agar.io\server\vendor\entt\single_include\entt\entt.hpp(65240): error C2059: syntax error: 'user-defined conversion' (compiling source file ..\src\Systems.cpp)
e:\github\mobile\tech-challenge\agar.io\server\vendor\entt\single_include\entt\entt.hpp(65240): error C2334: unexpected token(s) preceding '{'; skipping apparent function body (compiling source file ..\src\Systems.cpp)
e:\github\mobile\tech-challenge\agar.io\server\vendor\entt\single_include\entt\entt.hpp(65231): error C2988: unrecognizable template declaration/definition (compiling source file ..\src\PacketSerializer.cpp)
e:\github\mobile\tech-challenge\agar.io\server\vendor\entt\single_include\entt\entt.hpp(65246): fatal error C1903: unable to recover from previous error(s); stopping compilation (compiling source file ..\src\Systems.cpp)
e:\github\mobile\tech-challenge\agar.io\server\vendor\entt\single_include\entt\entt.hpp(65231): error C2059: syntax error: 'user-defined conversion' (compiling source file ..\src\PacketSerializer.cpp)
e:\github\mobile\tech-challenge\agar.io\server\vendor\entt\single_include\entt\entt.hpp(65231): error C2334: unexpected token(s) preceding '{'; skipping apparent function body (compiling source file ..\src\PacketSerializer.cpp)
e:\github\mobile\tech-challenge\agar.io\server\vendor\entt\single_include\entt\entt.hpp(65240): error C2988: unrecognizable template declaration/definition (compiling source file ..\src\PacketSerializer.cpp)
e:\github\mobile\tech-challenge\agar.io\server\vendor\entt\single_include\entt\entt.hpp(65240): error C2059: syntax error: 'user-defined conversion' (compiling source file ..\src\PacketSerializer.cpp)
e:\github\mobile\tech-challenge\agar.io\server\vendor\entt\single_include\entt\entt.hpp(65240): error C2334: unexpected token(s) preceding '{'; skipping apparent function body (compiling source file ..\src\PacketSerializer.cpp)
e:\github\mobile\tech-challenge\agar.io\server\vendor\entt\single_include\entt\entt.hpp(65246): fatal error C1903: unable to recover from previous error(s); stopping compilation (compiling source file ..\src\PacketSerializer.cpp)
e:\github\mobile\tech-challenge\agar.io\server\windows\vcpkg_installed\x64-windows\include\boost\beast\websocket\detail\impl_base.hpp(186): warning C4267: '+=': conversion from 'size_t' to 'uint8_t', possible loss of data (compiling source file ..\src\TcpServer.cpp)
e:\github\mobile\tech-challenge\agar.io\server\vendor\entt\single_include\entt\entt.hpp(24806): error C4996: 'std::allocator<void>': warning STL4009: std::allocator<void> is deprecated in C++17. You can define _SILENCE_CXX17_ALLOCATOR_VOID_DEPRECATION_WARNING or _SILENCE_ALL_CXX17_DEPRECATION_WARNINGS to acknowledge that you have received this warning. (compiling source file ..\src\TcpServer.cpp)
  c:\program files (x86)\microsoft visual studio\2017\enterprise\vc\tools\msvc\14.16.27023\include\xmemory0(1029): note: see declaration of 'std::allocator<void>' (compiling source file ..\src\TcpServer.cpp)
e:\github\mobile\tech-challenge\agar.io\server\vendor\entt\single_include\entt\entt.hpp(65231): error C2988: unrecognizable template declaration/definition (compiling source file ..\src\TcpServer.cpp)
e:\github\mobile\tech-challenge\agar.io\server\vendor\entt\single_include\entt\entt.hpp(65231): error C2059: syntax error: 'user-defined conversion' (compiling source file ..\src\TcpServer.cpp)
e:\github\mobile\tech-challenge\agar.io\server\vendor\entt\single_include\entt\entt.hpp(65231): error C2334: unexpected token(s) preceding '{'; skipping apparent function body (compiling source file ..\src\TcpServer.cpp)
e:\github\mobile\tech-challenge\agar.io\server\vendor\entt\single_include\entt\entt.hpp(65240): error C2988: unrecognizable template declaration/definition (compiling source file ..\src\TcpServer.cpp)
e:\github\mobile\tech-challenge\agar.io\server\vendor\entt\single_include\entt\entt.hpp(65240): error C2059: syntax error: 'user-defined conversion' (compiling source file ..\src\TcpServer.cpp)
e:\github\mobile\tech-challenge\agar.io\server\vendor\entt\single_include\entt\entt.hpp(65240): error C2334: unexpected token(s) preceding '{'; skipping apparent function body (compiling source file ..\src\TcpServer.cpp)
e:\github\mobile\tech-challenge\agar.io\server\vendor\entt\single_include\entt\entt.hpp(65246): fatal error C1903: unable to recover from previous error(s); stopping compilation (compiling source file ..\src\TcpServer.cpp)
