e:\github\mobile\tech-challenge\agar.io\server\windows\bin\release\agarserver.ipdb
e:\github\mobile\tech-challenge\agar.io\server\windows\bin\release\agarserver.iobj
e:\github\mobile\tech-challenge\agar.io\server\windows\obj\release\agarserver\vc141.pdb
e:\github\mobile\tech-challenge\agar.io\server\windows\obj\release\agarserver\agario.pb.obj
e:\github\mobile\tech-challenge\agar.io\server\windows\obj\release\agarserver\gameloop.obj
e:\github\mobile\tech-challenge\agar.io\server\windows\obj\release\agarserver\main.obj
e:\github\mobile\tech-challenge\agar.io\server\windows\obj\release\agarserver\player.obj
e:\github\mobile\tech-challenge\agar.io\server\windows\obj\release\agarserver\systems.obj
e:\github\mobile\tech-challenge\agar.io\server\windows\obj\release\agarserver\spatialgrid.obj
e:\github\mobile\tech-challenge\agar.io\server\windows\obj\release\agarserver\database.obj
e:\github\mobile\tech-challenge\agar.io\server\windows\obj\release\agarserver\tcpserver.obj
e:\github\mobile\tech-challenge\agar.io\server\windows\obj\release\agarserver\redisclient.obj
e:\github\mobile\tech-challenge\agar.io\server\windows\obj\release\agarserver\packetserializer.obj
e:\github\mobile\tech-challenge\agar.io\server\windows\obj\release\agarserver\udpserver.obj
e:\github\mobile\tech-challenge\agar.io\server\windows\bin\release\agarserver.exe
e:\github\mobile\tech-challenge\agar.io\server\windows\bin\release\agarserver.pdb
e:\github\mobile\tech-challenge\agar.io\server\windows\obj\release\agarserver\agarserver.tlog\agarserver.write.1u.tlog
e:\github\mobile\tech-challenge\agar.io\server\windows\obj\release\agarserver\agarserver.tlog\cl.command.1.tlog
e:\github\mobile\tech-challenge\agar.io\server\windows\obj\release\agarserver\agarserver.tlog\cl.read.1.tlog
e:\github\mobile\tech-challenge\agar.io\server\windows\obj\release\agarserver\agarserver.tlog\cl.write.1.tlog
e:\github\mobile\tech-challenge\agar.io\server\windows\obj\release\agarserver\agarserver.tlog\link.command.1.tlog
e:\github\mobile\tech-challenge\agar.io\server\windows\obj\release\agarserver\agarserver.tlog\link.read.1.tlog
e:\github\mobile\tech-challenge\agar.io\server\windows\obj\release\agarserver\agarserver.tlog\link.write.1.tlog
